Microchip Technology Inc, v1.26 (A)

Tool Name:
  c:\program files (x86)\microchip\xc16\v1.26\bin\bin\..\bin/elf-ld.exe

Command:
  -p30F4012 \
  -o \
  dist/Pickit/production/MDU_BEST.X.production.elf \
  -Lc:/program files (x86)/microchip/xc16/v1.26/bin/bin/.. \
  -Lc:/program files (x86)/microchip/xc16/v1.26/bin/bin/../../lib \
  -Lc:/program files (x86)/microchip/xc16/v1.26/bin/bin/../../support/PIC24E/gld \
  -Lc:/program files (x86)/microchip/xc16/v1.26/bin/bin/../../support/PIC24F/gld \
  -Lc:/program files (x86)/microchip/xc16/v1.26/bin/bin/../../support/PIC24H/gld \
  -Lc:/program files (x86)/microchip/xc16/v1.26/bin/bin/../../support/dsPIC30F/gld \
  -Lc:/program files (x86)/microchip/xc16/v1.26/bin/bin/../../support/dsPIC33E/gld \
  -Lc:/program files (x86)/microchip/xc16/v1.26/bin/bin/../../support/dsPIC33F/gld \
  build/Pickit/production/Application/motor.o \
  build/Pickit/production/Application/dta_motor.o \
  build/Pickit/production/Application/step.o \
  build/Pickit/production/Driver/driver.o \
  build/Pickit/production/Driver/eeprom.o \
  build/Pickit/production/Driver/encoder.o \
  build/Pickit/production/Driver/ports.o \
  build/Pickit/production/Driver/pwm.o \
  build/Pickit/production/Driver/timer.o \
  build/Pickit/production/Driver/uart.o \
  build/Pickit/production/Setting/configuration.o \
  build/Pickit/production/main.o \
  build/Pickit/production/Driver/io.o \
  build/Pickit/production/Task/system.o \
  build/Pickit/production/Task/task.o \
  build/Pickit/production/Task/motor.o \
  build/Pickit/production/_ext/1472/message.o \
  --defsym=__MPLAB_BUILD=1 \
  -Tp30F4012.gld.00 \
  --stack=64 \
  --check-sections \
  --data-init \
  --pack-data \
  --handles \
  --isr \
  --no-gc-sections \
  --fill-upper=0 \
  --stackguard=16 \
  --no-force-link \
  --smart-io \
  -Map=dist/Pickit/production/MDU_BEST.X.production.map \
  --report-mem \
  --memorysummary \
  dist/Pickit/production/memoryfile.xml \
  -start-group \
  --library=pic30-elf \
  --library=m-elf \
  --library=c-elf \
  -end-group \


Optional library libp30F4012.a not found
Archive member included because of file (symbol)

c:/program files (x86)/microchip/xc16/v1.26/bin/bin/../../lib\libpic30-elf.a(crt0_standard.o)
                              (__resetPRI)
c:/program files (x86)/microchip/xc16/v1.26/bin/bin/../../lib\libpic30-elf.a(data_init_standard.o)
                              c:/program files (x86)/microchip/xc16/v1.26/bin/bin/../../lib\libpic30-elf.a(crt0_standard.o) (__data_init_standard)
c:/program files (x86)/microchip/xc16/v1.26/bin/bin/../../lib\libpic30-elf.a(eedata_helper.eo)
                              build/Pickit/production/Driver/eeprom.o (__eedata_helper1)
c:/program files (x86)/microchip/xc16/v1.26/bin/bin/../../lib\libm-elf.a(addsf3.eo)
                              build/Pickit/production/Application/motor.o (___subsf3)
c:/program files (x86)/microchip/xc16/v1.26/bin/bin/../../lib\libm-elf.a(divsf3.eo)
                              build/Pickit/production/Application/motor.o (___divsf3)
c:/program files (x86)/microchip/xc16/v1.26/bin/bin/../../lib\libm-elf.a(feqltle.eo)
                              build/Pickit/production/Application/motor.o (___eqsf2)
c:/program files (x86)/microchip/xc16/v1.26/bin/bin/../../lib\libm-elf.a(fgtge.eo)
                              build/Pickit/production/Application/motor.o (___gtsf2)
c:/program files (x86)/microchip/xc16/v1.26/bin/bin/../../lib\libm-elf.a(fixsfsi.eo)
                              build/Pickit/production/Application/motor.o (_(float, int, long long, short, float, short, int))
c:/program files (x86)/microchip/xc16/v1.26/bin/bin/../../lib\libm-elf.a(fixunssfsi.eo)
                              build/Pickit/production/Application/motor.o (___fixunssfsi)
c:/program files (x86)/microchip/xc16/v1.26/bin/bin/../../lib\libm-elf.a(floatsisf.eo)
                              build/Pickit/production/Application/motor.o (___floatsisf)
c:/program files (x86)/microchip/xc16/v1.26/bin/bin/../../lib\libm-elf.a(floatunsisf.eo)
                              build/Pickit/production/Driver/pwm.o (___floatunsisf)
c:/program files (x86)/microchip/xc16/v1.26/bin/bin/../../lib\libm-elf.a(fne.eo)
                              build/Pickit/production/Application/dta_motor.o (___nesf2)
c:/program files (x86)/microchip/xc16/v1.26/bin/bin/../../lib\libm-elf.a(fpack.eo)
                              c:/program files (x86)/microchip/xc16/v1.26/bin/bin/../../lib\libm-elf.a(addsf3.eo) (__fpack)
c:/program files (x86)/microchip/xc16/v1.26/bin/bin/../../lib\libm-elf.a(funpack.eo)
                              c:/program files (x86)/microchip/xc16/v1.26/bin/bin/../../lib\libm-elf.a(fixsfsi.eo) (__funpack)
c:/program files (x86)/microchip/xc16/v1.26/bin/bin/../../lib\libm-elf.a(funpack2.eo)
                              c:/program files (x86)/microchip/xc16/v1.26/bin/bin/../../lib\libm-elf.a(addsf3.eo) (__funpack2)
[...]
Memory Configuration

Name             Origin             Length             Attributes
data             0x000800           0x000800           a !xr
reset            0x000000           0x000004  
ivt              0x000004           0x00007c  
_reserved        0x000080           0x000004  
aivt             0x000084           0x00007c  
program          0x000100           0x007f00           xr
eedata           0x7ffc00           0x000400  
FUID0            0x8005c0           0x000002  
FUID1            0x8005c2           0x000002  
FUID2            0x8005c4           0x000002  
FUID3            0x8005c6           0x000002  
FOSC             0xf80000           0x000002  
FWDT             0xf80002           0x000002  
FBORPOR          0xf80004           0x000002  
RESERVED1        0xf80006           0x000002  
RESERVED2        0xf80008           0x000002  
FGS              0xf8000a           0x000002  
FICD             0xf8000c           0x000002  
*default*        0x000000           0xffffffff  

Linker script and memory map

LOAD build/Pickit/production/Application/motor.o
LOAD build/Pickit/production/Application/dta_motor.o
LOAD build/Pickit/production/Application/step.o
LOAD build/Pickit/production/Driver/driver.o
LOAD build/Pickit/production/Driver/eeprom.o
LOAD build/Pickit/production/Driver/encoder.o
LOAD build/Pickit/production/Driver/ports.o
LOAD build/Pickit/production/Driver/pwm.o
LOAD build/Pickit/production/Driver/timer.o
LOAD build/Pickit/production/Driver/uart.o
LOAD build/Pickit/production/Setting/configuration.o
LOAD build/Pickit/production/main.o
LOAD build/Pickit/production/Driver/io.o
LOAD build/Pickit/production/Task/system.o
LOAD build/Pickit/production/Task/task.o
LOAD build/Pickit/production/Task/motor.o
LOAD build/Pickit/production/_ext/1472/message.o
                    0x0001                  __MPLAB_BUILD = 0x1
LOAD p30F4012
LOAD c:/program files (x86)/microchip/xc16/v1.26/bin/bin/../../lib\libfx-elf.a
                    0x8005c0                  __FUID0 = 0x8005c0
                    0x8005c2                  __FUID1 = 0x8005c2
                    0x8005c4                  __FUID2 = 0x8005c4
                    0x8005c6                  __FUID3 = 0x8005c6
                    0xf80000                  __FOSC = 0xf80000
                    0xf80002                  __FWDT = 0xf80002
                    0xf80004                  __FBORPOR = 0xf80004
                    0xf80006                  __RESERVED1 = 0xf80006
                    0xf80008                  __RESERVED2 = 0xf80008
                    0xf8000a                  __FGS = 0xf8000a
                    0xf8000c                  __FICD = 0xf8000c
                    0x0001                  __NO_HANDLES = 0x1
                    0x0100                  __CODE_BASE = 0x100
                    0x7f00                  __CODE_LENGTH = 0x7f00
                    0x0004                  __IVT_BASE = 0x4
                    0x0084                  __AIVT_BASE = 0x84
                    0x0800                  __DATA_BASE = 0x800
                    0x0800                  __DATA_LENGTH = 0x800
                    0x0c00                  __YDATA_BASE = 0xc00

.reset            0x000000          0x4
                  0x000000          0x2 SHORT 0x100 ABSOLUTE (__reset)
                  0x000001          0x2 SHORT 0x4
                  0x000002          0x2 SHORT 0x0 ((ABSOLUTE (__reset) >> 0x10) & 0x7f)
                  0x000003          0x2 SHORT 0x0

.text             0x000100       0x1d5c
 *(.init)
 .init            0x000100         0x3c c:/program files (x86)/microchip/xc16/v1.26/bin/bin/../../lib\libpic30-elf.a(crt0_standard.o)
                  0x000100                  __resetPRI
                  0x000100                  __reset
                  0x00012c                  __psv_init
 .init            0x00013c         0x6c c:/program files (x86)/microchip/xc16/v1.26/bin/bin/../../lib\libpic30-elf.a(data_init_standard.o)
                  0x00013c                  __data_init_standard
                  0x00013c                  __data_init
 *(.user_init)
 *(.handle)
 *(.isr*)
 .isr             0x000208          0x4 default_isr
                  0x000208                  __DefaultInterrupt
 *(.libc)
 .libc            0x00020c         0x10 c:/program files (x86)/microchip/xc16/v1.26/bin/bin/../../lib\libc-elf.a(isspace.eso)
                  0x00020c                  _isspace
 .libc            0x00021c         0x5c c:/program files (x86)/microchip/xc16/v1.26/bin/bin/../../lib\libpic30-elf.a(write.eo)
                  0x00021c                  _write
 *(.libm)
 *(.libdsp)
 *(.lib*)
 .libc.eedata_helper1234
                  0x000278         0x50 c:/program files (x86)/microchip/xc16/v1.26/bin/bin/../../lib\libpic30-elf.a(eedata_helper.eo)
                  0x000278                  __eedata_helper1
                  0x0002a2                  __eedata_helper2
                  0x0002aa                  __eedata_helper3
                  0x0002b6                  __eedata_helper4
 .libm.subsf3     0x0002c8         0xbc c:/program files (x86)/microchip/xc16/v1.26/bin/bin/../../lib\libm-elf.a(addsf3.eo)
                  0x0002c8                  ___subsf3
                  0x0002ca                  ___addsf3
 .libm.divfs3     0x000384         0x84 c:/program files (x86)/microchip/xc16/v1.26/bin/bin/../../lib\libm-elf.a(divsf3.eo)
                  0x000384                  ___divsf3
 .libm.eqsf2      0x000408          0x4 c:/program files (x86)/microchip/xc16/v1.26/bin/bin/../../lib\libm-elf.a(feqltle.eo)
                  0x000408                  ___eqsf2
                  0x000408                  ___ltsf2
                  0x000408                  ___lesf2
 .libm.gtsf2      0x00040c          0x4 c:/program files (x86)/microchip/xc16/v1.26/bin/bin/../../lib\libm-elf.a(fgtge.eo)
                  0x00040c                  ___gesf2
                  0x00040c                  ___gtsf2
 .libm.fixsfsi    0x000410         0x42 c:/program files (x86)/microchip/xc16/v1.26/bin/bin/../../lib\libm-elf.a(fixsfsi.eo)
                  0x000410                  _(float, int, long long, short, float, short, int)
 .libm.fixunssfsi
                  0x000452         0x36 c:/program files (x86)/microchip/xc16/v1.26/bin/bin/../../lib\libm-elf.a(fixunssfsi.eo)
                  0x000452                  ___fixunssfsi
 .libm.floatsisf
                  0x000488          0x6 c:/program files (x86)/microchip/xc16/v1.26/bin/bin/../../lib\libm-elf.a(floatsisf.eo)
                  0x000488                  ___floatsisf
 .libm.floatunsisf
                  0x00048e          0x4 c:/program files (x86)/microchip/xc16/v1.26/bin/bin/../../lib\libm-elf.a(floatunsisf.eo)
                  0x00048e                  ___floatunsisf
 .libm.nesf2      0x000492          0x4 c:/program files (x86)/microchip/xc16/v1.26/bin/bin/../../lib\libm-elf.a(fne.eo)
                  0x000492                  ___nesf2
 .libm.fpack      0x000496         0x4c c:/program files (x86)/microchip/xc16/v1.26/bin/bin/../../lib\libm-elf.a(fpack.eo)
                  0x000496                  __fpack
 .libm.funpack    0x0004e2         0x2a c:/program files (x86)/microchip/xc16/v1.26/bin/bin/../../lib\libm-elf.a(funpack.eo)
                  0x0004e2                  __funpack
 .libm.funpack2
                  0x00050c         0x10 c:/program files (x86)/microchip/xc16/v1.26/bin/bin/../../lib\libm-elf.a(funpack2.eo)
                  0x00050c                  __funpack2
 .libm.fPropagateNaN
                  0x00051c         0x12 c:/program files (x86)/microchip/xc16/v1.26/bin/bin/../../lib\libm-elf.a(futil.eo)
                  0x00051c                  __fPropagateNaN
 .libm.fbobExit
                  0x00052e          0x8 c:/program files (x86)/microchip/xc16/v1.26/bin/bin/../../lib\libm-elf.a(futil.eo)
                  0x00052e                  __fbopExit
 .libm.fbopReturnNaN
                  0x000536          0x6 c:/program files (x86)/microchip/xc16/v1.26/bin/bin/../../lib\libm-elf.a(futil.eo)
                  0x000536                  __fbopReturnNaN
 .libm.mulsf3     0x00053c         0x68 c:/program files (x86)/microchip/xc16/v1.26/bin/bin/../../lib\libm-elf.a(mulsf3.eo)
                  0x00053c                  ___mulsf3
 .libm.udivsi3    0x0005a4         0x20 c:/program files (x86)/microchip/xc16/v1.26/bin/bin/../../lib\libm-elf.a(udivsi3.eo)
                  0x0005a4                  ___udivsi3
 .libm.fcompare
                  0x0005c4         0x36 c:/program files (x86)/microchip/xc16/v1.26/bin/bin/../../lib\libm-elf.a(fcompare.eo)
                  0x0005c4                  __fcompare
 .libm.floatdisf
                  0x0005fa         0x20 c:/program files (x86)/microchip/xc16/v1.26/bin/bin/../../lib\libm-elf.a(floatdisf.eo)
                  0x0005fa                  ___floatdisf
 .libm.floatundisf
                  0x00061a         0x5e c:/program files (x86)/microchip/xc16/v1.26/bin/bin/../../lib\libm-elf.a(floatundisf.eo)
                  0x00061a                  ___floatundisf
 .libc.strtof     0x000678        0x1c4 c:/program files (x86)/microchip/xc16/v1.26/bin/bin/../../lib\libc-elf.a(atof.eo)
                  0x000678                  _strtof
 .libc.strtod     0x00083c          0x2 c:/program files (x86)/microchip/xc16/v1.26/bin/bin/../../lib\libc-elf.a(atof.eo)
                  0x00083c                  _strtod
 .libc.atof       0x00083e          0x4 c:/program files (x86)/microchip/xc16/v1.26/bin/bin/../../lib\libc-elf.a(atof.eo)
                  0x00083e                  _atof
 .libc.atoi       0x000842         0x3e c:/program files (x86)/microchip/xc16/v1.26/bin/bin/../../lib\libc-elf.a(atoi.eo)
                  0x000842                  _atoi
 .libc.utoa       0x000880         0x34 c:/program files (x86)/microchip/xc16/v1.26/bin/bin/../../lib\libc-elf.a(itoa.eo)
                  0x000880                  _utoa
 .libc.itoa       0x0008b4         0x1c c:/program files (x86)/microchip/xc16/v1.26/bin/bin/../../lib\libc-elf.a(itoa.eo)
                  0x0008b4                  _itoa
 .libc.strcmp     0x0008d0          0xe c:/program files (x86)/microchip/xc16/v1.26/bin/bin/../../lib\libc-elf.a(strcmp.eo)
                  0x0008d0                  _strcmp
 .libc.strcpy     0x0008de          0xc c:/program files (x86)/microchip/xc16/v1.26/bin/bin/../../lib\libc-elf.a(strcpy.eo)
                  0x0008de                  _strcpy
 .libc.strlen     0x0008ea          0xc c:/program files (x86)/microchip/xc16/v1.26/bin/bin/../../lib\libc-elf.a(strlen.eo)
                  0x0008ea                  _strlen
 .libc.strtok     0x0008f6         0x3a c:/program files (x86)/microchip/xc16/v1.26/bin/bin/../../lib\libc-elf.a(strtok.eo)
                  0x0008f6                  _strtok
 .libc._sprintf_fF
                  0x000930         0x2c c:/program files (x86)/microchip/xc16/v1.26/bin/bin/../../lib\libc-elf.a(sprintf_fF.XXeo)
                  0x000930                  __sprintf_fF
 .libc.fround     0x00095c         0xba c:/program files (x86)/microchip/xc16/v1.26/bin/bin/../../lib\libc-elf.a(doprnt_fF.XXeo)
 .libc.scale      0x000a16         0xc4 c:/program files (x86)/microchip/xc16/v1.26/bin/bin/../../lib\libc-elf.a(doprnt_fF.XXeo)
 .libc.sputc      0x000ada         0x12 c:/program files (x86)/microchip/xc16/v1.26/bin/bin/../../lib\libc-elf.a(doprnt_fF.XXeo)
 .libc._vfprintf_fF
                  0x000aec        0xa08 c:/program files (x86)/microchip/xc16/v1.26/bin/bin/../../lib\libc-elf.a(doprnt_fF.XXeo)
                  0x000aec                  __vfprintf_fF
 .libc.fputc      0x0014f4         0x86 c:/program files (x86)/microchip/xc16/v1.26/bin/bin/../../lib\libc-elf.a(fputc.eo)
                  0x0014f4                  _fputc
 .libc.strcspn    0x00157a         0x26 c:/program files (x86)/microchip/xc16/v1.26/bin/bin/../../lib\libc-elf.a(strcspn.eo)
                  0x00157a                  _strcspn
 .libc.strspn     0x0015a0         0x26 c:/program files (x86)/microchip/xc16/v1.26/bin/bin/../../lib\libc-elf.a(strspn.eo)
                  0x0015a0                  _strspn
 .libc.strchr     0x0015c6         0x1a c:/program files (x86)/microchip/xc16/v1.26/bin/bin/../../lib\libc-elf.a(strchr.elo)
                  0x0015c6                  _strchr
 .libc._flsbuf    0x0015e0         0x7e c:/program files (x86)/microchip/xc16/v1.26/bin/bin/../../lib\libc-elf.a(flsbuf.eo)
                  0x0015e0                  __flsbuf
 .libc.dowrite    0x00165e          0x4 c:/program files (x86)/microchip/xc16/v1.26/bin/bin/../../lib\libpic30-elf.a(write.eo)
 .libm.adddf3     0x001662         0xfa c:/program files (x86)/microchip/xc16/v1.26/bin/bin/../../lib\libm-elf.a(adddf3.eo)
                  0x001662                  ___adddf3
 .libm.eqdf2      0x00175c          0xa c:/program files (x86)/microchip/xc16/v1.26/bin/bin/../../lib\libm-elf.a(deqltle.eo)
                  0x00175c                  ___eqdf2
                  0x00175c                  ___ltdf2
                  0x00175c                  ___ledf2
 .libm.gtdf2      0x001766          0xa c:/program files (x86)/microchip/xc16/v1.26/bin/bin/../../lib\libm-elf.a(dgtge.eo)
                  0x001766                  ___gtdf2
                  0x001766                  ___gedf2
 .libm.divdf3     0x001770         0xb4 c:/program files (x86)/microchip/xc16/v1.26/bin/bin/../../lib\libm-elf.a(divdf3.eo)
                  0x001770                  ___divdf3
 .libm.nedf2      0x001824          0xa c:/program files (x86)/microchip/xc16/v1.26/bin/bin/../../lib\libm-elf.a(dne.eo)
                  0x001824                  ___nedf2
 .libm.dpack      0x00182e         0x58 c:/program files (x86)/microchip/xc16/v1.26/bin/bin/../../lib\libm-elf.a(dpack.eo)
                  0x00182e                  __dpack
 .libm.dunpack2
                  0x001886         0x32 c:/program files (x86)/microchip/xc16/v1.26/bin/bin/../../lib\libm-elf.a(dunpack2.eo)
                  0x001886                  __dunpack2
                  0x0018a8                  __dreturnNaN
                  0x0018ae                  __dunpack2exit
 .libm.extendsfdf2
                  0x0018b8         0x3e c:/program files (x86)/microchip/xc16/v1.26/bin/bin/../../lib\libm-elf.a(extendsfdf.eo)
                  0x0018b8                  ___extendsfdf2
 .libm.fixunsdfdi
                  0x0018f6         0x62 c:/program files (x86)/microchip/xc16/v1.26/bin/bin/../../lib\libm-elf.a(fixunsdfdi.eo)
                  0x0018f6                  ___fixunsdfdi
 .libm.floatundidf
                  0x001958         0x56 c:/program files (x86)/microchip/xc16/v1.26/bin/bin/../../lib\libm-elf.a(floatundidf.eo)
                  0x001958                  ___floatundidf
 .libm.frexp      0x0019ae         0x3a c:/program files (x86)/microchip/xc16/v1.26/bin/bin/../../lib\libm-elf.a(frexp.eo)
                  0x0019ae                  _frexp
                  0x0019ae                  _frexpl
 .libm.muldf3     0x0019e8         0xea c:/program files (x86)/microchip/xc16/v1.26/bin/bin/../../lib\libm-elf.a(muldf3.eo)
                  0x0019e8                  ___muldf3
 .libm.subdf3     0x001ad2          0x4 c:/program files (x86)/microchip/xc16/v1.26/bin/bin/../../lib\libm-elf.a(subdf3.eo)
                  0x001ad2                  ___subdf3
 .libm.mulsi3     0x001ad6          0xc c:/program files (x86)/microchip/xc16/v1.26/bin/bin/../../lib\libm-elf.a(mulsi3.eo)
                  0x001ad6                  ___mulp32peds3
                  0x001ad6                  ___mulsi3
                  0x001ad6                  ___mulp32eds3
 .libm.__PplusBdi
                  0x001ae2         0x26 c:/program files (x86)/microchip/xc16/v1.26/bin/bin/../../lib\libm-elf.a(divmoddi3.eo)
 .libm.__PminusBdi
                  0x001b08         0x26 c:/program files (x86)/microchip/xc16/v1.26/bin/bin/../../lib\libm-elf.a(divmoddi3.eo)
 .libm.__udivmoddi3
                  0x001b2e         0xe6 c:/program files (x86)/microchip/xc16/v1.26/bin/bin/../../lib\libm-elf.a(divmoddi3.eo)
                  0x001b2e                  ___udivmoddi3
 .libm.__udivdi3
                  0x001c14          0xe c:/program files (x86)/microchip/xc16/v1.26/bin/bin/../../lib\libm-elf.a(divmoddi3.eo)
                  0x001c14                  ___udivdi3
 .libm.__umoddi3
                  0x001c22          0x8 c:/program files (x86)/microchip/xc16/v1.26/bin/bin/../../lib\libm-elf.a(divmoddi3.eo)
                  0x001c22                  ___umoddi3
 .libm.__divdi3
                  0x001c2a         0x60 c:/program files (x86)/microchip/xc16/v1.26/bin/bin/../../lib\libm-elf.a(divmoddi3.eo)
                  0x001c2a                  ___divdi3
 .libm.__moddi3
                  0x001c8a         0x5c c:/program files (x86)/microchip/xc16/v1.26/bin/bin/../../lib\libm-elf.a(divmoddi3.eo)
                  0x001c8a                  ___moddi3
 .libm.__muldi3
                  0x001ce6         0x52 c:/program files (x86)/microchip/xc16/v1.26/bin/bin/../../lib\libm-elf.a(muldi3.eo)
                  0x001ce6                  ___muldi3
 .libm.dcompare
                  0x001d38         0x52 c:/program files (x86)/microchip/xc16/v1.26/bin/bin/../../lib\libm-elf.a(dcompare.eo)
                  0x001d38                  __dcompare
 .libm.dPropagateNaN
                  0x001d8a         0x1c c:/program files (x86)/microchip/xc16/v1.26/bin/bin/../../lib\libm-elf.a(dpropagateNaN.eo)
                  0x001d8a                  __dPropagateNaN
 .libm.dtype      0x001da6         0x24 c:/program files (x86)/microchip/xc16/v1.26/bin/bin/../../lib\libm-elf.a(dtype.eo)
                  0x001da6                  __dtype
 .libm.dunpack    0x001dca         0x4e c:/program files (x86)/microchip/xc16/v1.26/bin/bin/../../lib\libm-elf.a(dunpack.eo)
                  0x001dca                  __dunpack
 .libm.umuldi3    0x001e18         0x44 c:/program files (x86)/microchip/xc16/v1.26/bin/bin/../../lib\libm-elf.a(umuldi3.eo)
                  0x001e18                  ___umuldi3

usercode
 *(usercode)

__FUID0
 *(__FUID0.sec*)

__FUID1
 *(__FUID1.sec*)

__FUID2
 *(__FUID2.sec*)

__FUID3
 *(__FUID3.sec*)

__FOSC
 *(__FOSC.sec*)

__FWDT
 *(__FWDT.sec*)

__FBORPOR
 *(__FBORPOR.sec*)

__RESERVED1
 *(__RESERVED1.sec*)

__RESERVED2
 *(__RESERVED2.sec*)

__FGS             0xf8000a          0x2
 *(__FGS.sec*)
 __FGS.sec        0xf8000a          0x2 FGS
                  0xf8000a                  __FGS.sec

__FICD
 *(__FICD.sec*)

user_eedata
 *(user_eedata)

userdata
 *(userdata)

.comment
 *(.comment)

.debug_info       0x000000       0x6c9f
 *(.debug_info)
 .debug_info      0x000000        0x57c build/Pickit/production/Application/motor.o
 .debug_info      0x00057c        0x1f9 build/Pickit/production/Application/dta_motor.o
 .debug_info      0x000775        0x28c build/Pickit/production/Application/step.o
 .debug_info      0x000a01        0x323 build/Pickit/production/Driver/driver.o
 .debug_info      0x000d24        0x4ba build/Pickit/production/Driver/eeprom.o
 .debug_info      0x0011de        0xed6 build/Pickit/production/Driver/encoder.o
 .debug_info      0x0020b4        0xb10 build/Pickit/production/Driver/ports.o
 .debug_info      0x002bc4       0x110b build/Pickit/production/Driver/pwm.o
 .debug_info      0x003ccf        0x51f build/Pickit/production/Driver/timer.o
 .debug_info      0x0041ee        0xec9 build/Pickit/production/Driver/uart.o
 .debug_info      0x0050b7         0xbc build/Pickit/production/Setting/configuration.o
 .debug_info      0x005173        0x142 build/Pickit/production/main.o
 .debug_info      0x0052b5        0xfef build/Pickit/production/Driver/io.o
 .debug_info      0x0062a4        0x6f7 build/Pickit/production/Task/system.o
 .debug_info      0x00699b        0x1ba build/Pickit/production/Task/task.o
 .debug_info      0x006b55        0x14a build/Pickit/production/Task/motor.o
 *(.gnu.linkonce.wi.*)

.debug_abbrev     0x000000        0xf49
 *(.debug_abbrev)
 .debug_abbrev    0x000000         0xb8 build/Pickit/production/Application/motor.o
 .debug_abbrev    0x0000b8         0x76 build/Pickit/production/Application/dta_motor.o
 .debug_abbrev    0x00012e         0xbe build/Pickit/production/Application/step.o
 .debug_abbrev    0x0001ec         0xa7 build/Pickit/production/Driver/driver.o
 .debug_abbrev    0x000293        0x192 build/Pickit/production/Driver/eeprom.o
 .debug_abbrev    0x000425        0x15a build/Pickit/production/Driver/encoder.o
 .debug_abbrev    0x00057f         0xed build/Pickit/production/Driver/ports.o
 .debug_abbrev    0x00066c        0x198 build/Pickit/production/Driver/pwm.o
 .debug_abbrev    0x000804        0x172 build/Pickit/production/Driver/timer.o
 .debug_abbrev    0x000976        0x18a build/Pickit/production/Driver/uart.o
 .debug_abbrev    0x000b00         0x1f build/Pickit/production/Setting/configuration.o
 .debug_abbrev    0x000b1f         0x34 build/Pickit/production/main.o
 .debug_abbrev    0x000b53        0x1fb build/Pickit/production/Driver/io.o
 .debug_abbrev    0x000d4e        0x160 build/Pickit/production/Task/system.o
 .debug_abbrev    0x000eae         0x68 build/Pickit/production/Task/task.o
 .debug_abbrev    0x000f16         0x32 build/Pickit/production/Task/motor.o
 .debug_abbrev    0x000f48          0x1 build/Pickit/production/_ext/1472/message.o

.debug_line       0x000000        0xedf
 *(.debug_line)
 .debug_line      0x000000        0x191 build/Pickit/production/Application/motor.o
 .debug_line      0x000191         0xa7 build/Pickit/production/Application/dta_motor.o
 .debug_line      0x000238         0xd2 build/Pickit/production/Application/step.o
 .debug_line      0x00030a         0x64 build/Pickit/production/Driver/driver.o
 .debug_line      0x00036e         0xde build/Pickit/production/Driver/eeprom.o
 .debug_line      0x00044c        0x10e build/Pickit/production/Driver/encoder.o
 .debug_line      0x00055a         0xdd build/Pickit/production/Driver/ports.o
 .debug_line      0x000637        0x1a6 build/Pickit/production/Driver/pwm.o
 .debug_line      0x0007dd         0xf6 build/Pickit/production/Driver/timer.o
 .debug_line      0x0008d3        0x140 build/Pickit/production/Driver/uart.o
 .debug_line      0x000a13         0x1a build/Pickit/production/Setting/configuration.o
 .debug_line      0x000a2d         0x36 build/Pickit/production/main.o
 .debug_line      0x000a63        0x2a5 build/Pickit/production/Driver/io.o
 .debug_line      0x000d08        0x140 build/Pickit/production/Task/system.o
 .debug_line      0x000e48         0x46 build/Pickit/production/Task/task.o
 .debug_line      0x000e8e         0x37 build/Pickit/production/Task/motor.o
 .debug_line      0x000ec5         0x1a build/Pickit/production/_ext/1472/message.o

.debug_frame      0x000000        0xbac
 *(.debug_frame)
 .debug_frame     0x000000        0x14c build/Pickit/production/Application/motor.o
 .debug_frame     0x00014c         0x46 build/Pickit/production/Application/dta_motor.o
 .debug_frame     0x000192         0x54 build/Pickit/production/Application/step.o
 .debug_frame     0x0001e6         0x24 build/Pickit/production/Driver/driver.o
 .debug_frame     0x00020a         0x88 build/Pickit/production/Driver/eeprom.o
 .debug_frame     0x000292         0xa4 build/Pickit/production/Driver/encoder.o
 .debug_frame     0x000336         0x84 build/Pickit/production/Driver/ports.o
 .debug_frame     0x0003ba        0x1f2 build/Pickit/production/Driver/pwm.o
 .debug_frame     0x0005ac         0x54 build/Pickit/production/Driver/timer.o
 .debug_frame     0x000600        0x1b4 build/Pickit/production/Driver/uart.o
 .debug_frame     0x0007b4         0x24 build/Pickit/production/main.o
 .debug_frame     0x0007d8        0x21e build/Pickit/production/Driver/io.o
 .debug_frame     0x0009f6        0x132 build/Pickit/production/Task/system.o
 .debug_frame     0x000b28         0x60 build/Pickit/production/Task/task.o
 .debug_frame     0x000b88         0x24 build/Pickit/production/Task/motor.o

.debug_str        0x000000        0x2ea
 *(.debug_str)
 .debug_str       0x000000         0x1c build/Pickit/production/Application/step.o
 .debug_str       0x00001c          0xb build/Pickit/production/Driver/driver.o
 .debug_str       0x000027         0x17 build/Pickit/production/Driver/eeprom.o
 .debug_str       0x00003e         0x58 build/Pickit/production/Driver/encoder.o
 .debug_str       0x000096         0x6b build/Pickit/production/Driver/ports.o
 .debug_str       0x000101         0x4e build/Pickit/production/Driver/pwm.o
 .debug_str       0x00014f          0xa build/Pickit/production/Driver/timer.o
 .debug_str       0x000159         0x43 build/Pickit/production/Driver/uart.o
 .debug_str       0x00019c        0x12f build/Pickit/production/Driver/io.o
 .debug_str       0x0002cb         0x1f build/Pickit/production/Task/system.o

.debug_loc
 *(.debug_loc)

.debug_macinfo
 *(.debug_macinfo)

.debug_pubnames
                  0x000000        0xa95
 *(.debug_pubnames)
 .debug_pubnames
                  0x000000         0xb7 build/Pickit/production/Application/motor.o
 .debug_pubnames
                  0x0000b7         0x2c build/Pickit/production/Application/dta_motor.o
 .debug_pubnames
                  0x0000e3         0x88 build/Pickit/production/Application/step.o
 .debug_pubnames
                  0x00016b         0x23 build/Pickit/production/Driver/driver.o
 .debug_pubnames
                  0x00018e         0x8c build/Pickit/production/Driver/eeprom.o
 .debug_pubnames
                  0x00021a         0xc8 build/Pickit/production/Driver/encoder.o
 .debug_pubnames
                  0x0002e2         0x80 build/Pickit/production/Driver/ports.o
 .debug_pubnames
                  0x000362        0x19e build/Pickit/production/Driver/pwm.o
 .debug_pubnames
                  0x000500         0x54 build/Pickit/production/Driver/timer.o
 .debug_pubnames
                  0x000554        0x133 build/Pickit/production/Driver/uart.o
 .debug_pubnames
                  0x000687         0x1b build/Pickit/production/main.o
 .debug_pubnames
                  0x0006a2        0x277 build/Pickit/production/Driver/io.o
 .debug_pubnames
                  0x000919        0x10b build/Pickit/production/Task/system.o
 .debug_pubnames
                  0x000a24         0x50 build/Pickit/production/Task/task.o
 .debug_pubnames
                  0x000a74         0x21 build/Pickit/production/Task/motor.o

.debug_ranges
 *(.debug_ranges)

.debug_aranges    0x000000        0x168
 *(.debug_aranges)
 .debug_aranges
                  0x000000         0x18 build/Pickit/production/Application/motor.o
 .debug_aranges
                  0x000018         0x18 build/Pickit/production/Application/dta_motor.o
 .debug_aranges
                  0x000030         0x18 build/Pickit/production/Application/step.o
 .debug_aranges
                  0x000048         0x18 build/Pickit/production/Driver/driver.o
 .debug_aranges
                  0x000060         0x18 build/Pickit/production/Driver/eeprom.o
 .debug_aranges
                  0x000078         0x18 build/Pickit/production/Driver/encoder.o
 .debug_aranges
                  0x000090         0x18 build/Pickit/production/Driver/ports.o
 .debug_aranges
                  0x0000a8         0x18 build/Pickit/production/Driver/pwm.o
 .debug_aranges
                  0x0000c0         0x18 build/Pickit/production/Driver/timer.o
 .debug_aranges
                  0x0000d8         0x18 build/Pickit/production/Driver/uart.o
 .debug_aranges
                  0x0000f0         0x18 build/Pickit/production/main.o
 .debug_aranges
                  0x000108         0x18 build/Pickit/production/Driver/io.o
 .debug_aranges
                  0x000120         0x18 build/Pickit/production/Task/system.o
 .debug_aranges
                  0x000138         0x18 build/Pickit/production/Task/task.o
 .debug_aranges
                  0x000150         0x18 build/Pickit/production/Task/motor.o
                    0x0000                  WREG0 = 0x0
                    0x0000                  _WREG0 = 0x0
                    0x0002                  WREG1 = 0x2
                    0x0002                  _WREG1 = 0x2
                    0x0004                  WREG2 = 0x4
                    0x0004                  _WREG2 = 0x4
                    0x0006                  WREG3 = 0x6
                    0x0006                  _WREG3 = 0x6
                    0x0008                  WREG4 = 0x8
                    0x0008                  _WREG4 = 0x8
                    0x000a                  WREG5 = 0xa
                    0x000a                  _WREG5 = 0xa
                    0x000c                  WREG6 = 0xc
                    0x000c                  _WREG6 = 0xc
                    0x000e                  WREG7 = 0xe
                    0x000e                  _WREG7 = 0xe
                    0x0010                  WREG8 = 0x10
                    0x0010                  _WREG8 = 0x10
                    0x0012                  WREG9 = 0x12
                    0x0012                  _WREG9 = 0x12
                    0x0014                  WREG10 = 0x14
                    0x0014                  _WREG10 = 0x14
                    0x0016                  WREG11 = 0x16
                    0x0016                  _WREG11 = 0x16
                    0x0018                  WREG12 = 0x18
                    0x0018                  _WREG12 = 0x18
                    0x001a                  WREG13 = 0x1a
                    0x001a                  _WREG13 = 0x1a
                    0x001c                  WREG14 = 0x1c
                    0x001c                  _WREG14 = 0x1c
                    0x001e                  WREG15 = 0x1e
                    0x001e                  _WREG15 = 0x1e
                    0x0020                  SPLIM = 0x20
                    0x0020                  _SPLIM = 0x20
                    0x0022                  ACCAL = 0x22
                    0x0022                  _ACCAL = 0x22
                    0x0024                  ACCAH = 0x24
                    0x0024                  _ACCAH = 0x24
                    0x0026                  ACCAU = 0x26
                    0x0026                  _ACCAU = 0x26
                    0x0028                  ACCBL = 0x28
                    0x0028                  _ACCBL = 0x28
                    0x002a                  ACCBH = 0x2a
                    0x002a                  _ACCBH = 0x2a
                    0x002c                  ACCBU = 0x2c
                    0x002c                  _ACCBU = 0x2c
                    0x002e                  PCL = 0x2e
                    0x002e                  _PCL = 0x2e
                    0x0030                  PCH = 0x30
                    0x0030                  _PCH = 0x30
                    0x0032                  TBLPAG = 0x32
                    0x0032                  _TBLPAG = 0x32
                    0x0034                  PSVPAG = 0x34
                    0x0034                  _PSVPAG = 0x34
                    0x0036                  RCOUNT = 0x36
                    0x0036                  _RCOUNT = 0x36
                    0x0038                  DCOUNT = 0x38
                    0x0038                  _DCOUNT = 0x38
                    0x003a                  DOSTARTL = 0x3a
                    0x003a                  _DOSTARTL = 0x3a
                    0x003c                  DOSTARTH = 0x3c
                    0x003c                  _DOSTARTH = 0x3c
                    0x003e                  DOENDL = 0x3e
                    0x003e                  _DOENDL = 0x3e
                    0x0040                  DOENDH = 0x40
                    0x0040                  _DOENDH = 0x40
                    0x0042                  SR = 0x42
                    0x0042                  _SR = 0x42
                    0x0042                  _SRbits = 0x42
                    0x0044                  CORCON = 0x44
                    0x0044                  _CORCON = 0x44
                    0x0044                  _CORCONbits = 0x44
                    0x0046                  MODCON = 0x46
                    0x0046                  _MODCON = 0x46
                    0x0046                  _MODCONbits = 0x46
                    0x0048                  XMODSRT = 0x48
                    0x0048                  _XMODSRT = 0x48
                    0x004a                  XMODEND = 0x4a
                    0x004a                  _XMODEND = 0x4a
                    0x004c                  YMODSRT = 0x4c
                    0x004c                  _YMODSRT = 0x4c
                    0x004e                  YMODEND = 0x4e
                    0x004e                  _YMODEND = 0x4e
                    0x0050                  XBREV = 0x50
                    0x0050                  _XBREV = 0x50
                    0x0050                  _XBREVbits = 0x50
                    0x0052                  DISICNT = 0x52
                    0x0052                  _DISICNT = 0x52
                    0x0052                  _DISICNTbits = 0x52
                    0x0080                  INTCON1 = 0x80
                    0x0080                  _INTCON1 = 0x80
                    0x0080                  _INTCON1bits = 0x80
                    0x0082                  INTCON2 = 0x82
                    0x0082                  _INTCON2 = 0x82
                    0x0082                  _INTCON2bits = 0x82
                    0x0084                  IFS0 = 0x84
                    0x0084                  _IFS0 = 0x84
                    0x0084                  _IFS0bits = 0x84
                    0x0086                  IFS1 = 0x86
                    0x0086                  _IFS1 = 0x86
                    0x0086                  _IFS1bits = 0x86
                    0x0088                  IFS2 = 0x88
                    0x0088                  _IFS2 = 0x88
                    0x0088                  _IFS2bits = 0x88
                    0x008c                  IEC0 = 0x8c
                    0x008c                  _IEC0 = 0x8c
                    0x008c                  _IEC0bits = 0x8c
                    0x008e                  IEC1 = 0x8e
                    0x008e                  _IEC1 = 0x8e
                    0x008e                  _IEC1bits = 0x8e
                    0x0090                  IEC2 = 0x90
                    0x0090                  _IEC2 = 0x90
                    0x0090                  _IEC2bits = 0x90
                    0x0094                  IPC0 = 0x94
                    0x0094                  _IPC0 = 0x94
                    0x0094                  _IPC0bits = 0x94
                    0x0096                  IPC1 = 0x96
                    0x0096                  _IPC1 = 0x96
                    0x0096                  _IPC1bits = 0x96
                    0x0098                  IPC2 = 0x98
                    0x0098                  _IPC2 = 0x98
                    0x0098                  _IPC2bits = 0x98
                    0x009a                  IPC3 = 0x9a
                    0x009a                  _IPC3 = 0x9a
                    0x009a                  _IPC3bits = 0x9a
                    0x009c                  IPC4 = 0x9c
                    0x009c                  _IPC4 = 0x9c
                    0x009c                  _IPC4bits = 0x9c
                    0x009e                  IPC5 = 0x9e
                    0x009e                  _IPC5 = 0x9e
                    0x009e                  _IPC5bits = 0x9e
                    0x00a0                  IPC6 = 0xa0
                    0x00a0                  _IPC6 = 0xa0
                    0x00a0                  _IPC6bits = 0xa0
                    0x00a6                  IPC9 = 0xa6
                    0x00a6                  _IPC9 = 0xa6
                    0x00a6                  _IPC9bits = 0xa6
                    0x00a8                  IPC10 = 0xa8
                    0x00a8                  _IPC10 = 0xa8
                    0x00a8                  _IPC10bits = 0xa8
                    0x00b0                  INTTREG = 0xb0
                    0x00b0                  _INTTREG = 0xb0
                    0x00b0                  _INTTREGbits = 0xb0
                    0x00c0                  CNEN1 = 0xc0
                    0x00c0                  _CNEN1 = 0xc0
                    0x00c0                  _CNEN1bits = 0xc0
                    0x00c4                  CNPU1 = 0xc4
                    0x00c4                  _CNPU1 = 0xc4
                    0x00c4                  _CNPU1bits = 0xc4
                    0x0100                  TMR1 = 0x100
                    0x0100                  _TMR1 = 0x100
                    0x0102                  PR1 = 0x102
                    0x0102                  _PR1 = 0x102
                    0x0104                  T1CON = 0x104
                    0x0104                  _T1CON = 0x104
                    0x0104                  _T1CONbits = 0x104
                    0x0106                  TMR2 = 0x106
                    0x0106                  _TMR2 = 0x106
                    0x0108                  TMR3HLD = 0x108
                    0x0108                  _TMR3HLD = 0x108
                    0x010a                  TMR3 = 0x10a
                    0x010a                  _TMR3 = 0x10a
                    0x010c                  PR2 = 0x10c
                    0x010c                  _PR2 = 0x10c
                    0x010e                  PR3 = 0x10e
                    0x010e                  _PR3 = 0x10e
                    0x0110                  T2CON = 0x110
                    0x0110                  _T2CON = 0x110
                    0x0110                  _T2CONbits = 0x110
                    0x0112                  T3CON = 0x112
                    0x0112                  _T3CON = 0x112
                    0x0112                  _T3CONbits = 0x112
                    0x0114                  TMR4 = 0x114
                    0x0114                  _TMR4 = 0x114
                    0x0116                  TMR5HLD = 0x116
                    0x0116                  _TMR5HLD = 0x116
                    0x0118                  TMR5 = 0x118
                    0x0118                  _TMR5 = 0x118
                    0x011a                  PR4 = 0x11a
                    0x011a                  _PR4 = 0x11a
                    0x011c                  PR5 = 0x11c
                    0x011c                  _PR5 = 0x11c
                    0x011e                  T4CON = 0x11e
                    0x011e                  _T4CON = 0x11e
                    0x011e                  _T4CONbits = 0x11e
                    0x0120                  T5CON = 0x120
                    0x0120                  _T5CON = 0x120
                    0x0120                  _T5CONbits = 0x120
                    0x0122                  QEICON = 0x122
                    0x0122                  _QEICON = 0x122
                    0x0122                  _QEICONbits = 0x122
                    0x0124                  DFLTCON = 0x124
                    0x0124                  _DFLTCON = 0x124
                    0x0124                  _DFLTCONbits = 0x124
                    0x0126                  POSCNT = 0x126
                    0x0126                  _POSCNT = 0x126
                    0x0128                  MAXCNT = 0x128
                    0x0128                  _MAXCNT = 0x128
                    0x0140                  IC1BUF = 0x140
                    0x0140                  _IC1BUF = 0x140
                    0x0142                  IC1CON = 0x142
                    0x0142                  _IC1CON = 0x142
                    0x0142                  _IC1CONbits = 0x142
                    0x0144                  IC2BUF = 0x144
                    0x0144                  _IC2BUF = 0x144
                    0x0146                  IC2CON = 0x146
                    0x0146                  _IC2CON = 0x146
                    0x0146                  _IC2CONbits = 0x146
                    0x0158                  IC7BUF = 0x158
                    0x0158                  _IC7BUF = 0x158
                    0x015a                  IC7CON = 0x15a
                    0x015a                  _IC7CON = 0x15a
                    0x015a                  _IC7CONbits = 0x15a
                    0x015c                  IC8BUF = 0x15c
                    0x015c                  _IC8BUF = 0x15c
                    0x015e                  IC8CON = 0x15e
                    0x015e                  _IC8CON = 0x15e
                    0x015e                  _IC8CONbits = 0x15e
                    0x0180                  OC1RS = 0x180
                    0x0180                  _OC1RS = 0x180
                    0x0182                  OC1R = 0x182
                    0x0182                  _OC1R = 0x182
                    0x0184                  OC1CON = 0x184
                    0x0184                  _OC1CON = 0x184
                    0x0184                  _OC1CONbits = 0x184
                    0x0186                  OC2RS = 0x186
                    0x0186                  _OC2RS = 0x186
                    0x0188                  OC2R = 0x188
                    0x0188                  _OC2R = 0x188
                    0x018a                  OC2CON = 0x18a
                    0x018a                  _OC2CON = 0x18a
                    0x018a                  _OC2CONbits = 0x18a
                    0x01c0                  PTCON = 0x1c0
                    0x01c0                  _PTCON = 0x1c0
                    0x01c0                  _PTCONbits = 0x1c0
                    0x01c2                  PTMR = 0x1c2
                    0x01c2                  _PTMR = 0x1c2
                    0x01c2                  _PTMRbits = 0x1c2
                    0x01c4                  PTPER = 0x1c4
                    0x01c4                  _PTPER = 0x1c4
                    0x01c4                  _PTPERbits = 0x1c4
                    0x01c6                  SEVTCMP = 0x1c6
                    0x01c6                  _SEVTCMP = 0x1c6
                    0x01c6                  _SEVTCMPbits = 0x1c6
                    0x01c8                  PWMCON1 = 0x1c8
                    0x01c8                  _PWMCON1 = 0x1c8
                    0x01c8                  _PWMCON1bits = 0x1c8
                    0x01ca                  PWMCON2 = 0x1ca
                    0x01ca                  _PWMCON2 = 0x1ca
                    0x01ca                  _PWMCON2bits = 0x1ca
                    0x01cc                  DTCON1 = 0x1cc
                    0x01cc                  _DTCON1 = 0x1cc
                    0x01cc                  _DTCON1bits = 0x1cc
                    0x01d0                  FLTACON = 0x1d0
                    0x01d0                  _FLTACON = 0x1d0
                    0x01d0                  _FLTACONbits = 0x1d0
                    0x01d4                  OVDCON = 0x1d4
                    0x01d4                  _OVDCON = 0x1d4
                    0x01d4                  _OVDCONbits = 0x1d4
                    0x01d6                  PDC1 = 0x1d6
                    0x01d6                  _PDC1 = 0x1d6
                    0x01d8                  PDC2 = 0x1d8
                    0x01d8                  _PDC2 = 0x1d8
                    0x01da                  PDC3 = 0x1da
                    0x01da                  _PDC3 = 0x1da
                    0x0200                  I2CRCV = 0x200
                    0x0200                  _I2CRCV = 0x200
                    0x0200                  _I2CRCVbits = 0x200
                    0x0202                  I2CTRN = 0x202
                    0x0202                  _I2CTRN = 0x202
                    0x0202                  _I2CTRNbits = 0x202
                    0x0204                  I2CBRG = 0x204
                    0x0204                  _I2CBRG = 0x204
                    0x0204                  _I2CBRGbits = 0x204
                    0x0206                  I2CCON = 0x206
                    0x0206                  _I2CCON = 0x206
                    0x0206                  _I2CCONbits = 0x206
                    0x0208                  I2CSTAT = 0x208
                    0x0208                  _I2CSTAT = 0x208
                    0x0208                  _I2CSTATbits = 0x208
                    0x020a                  I2CADD = 0x20a
                    0x020a                  _I2CADD = 0x20a
                    0x020a                  _I2CADDbits = 0x20a
                    0x020c                  U1MODE = 0x20c
                    0x020c                  _U1MODE = 0x20c
                    0x020c                  _U1MODEbits = 0x20c
                    0x020e                  U1STA = 0x20e
                    0x020e                  _U1STA = 0x20e
                    0x020e                  _U1STAbits = 0x20e
                    0x0210                  U1TXREG = 0x210
                    0x0210                  _U1TXREG = 0x210
                    0x0210                  _U1TXREGbits = 0x210
                    0x0212                  U1RXREG = 0x212
                    0x0212                  _U1RXREG = 0x212
                    0x0212                  _U1RXREGbits = 0x212
                    0x0214                  U1BRG = 0x214
                    0x0214                  _U1BRG = 0x214
                    0x0220                  SPI1STAT = 0x220
                    0x0220                  _SPI1STAT = 0x220
                    0x0220                  _SPI1STATbits = 0x220
                    0x0222                  SPI1CON = 0x222
                    0x0222                  _SPI1CON = 0x222
                    0x0222                  _SPI1CONbits = 0x222
                    0x0224                  SPI1BUF = 0x224
                    0x0224                  _SPI1BUF = 0x224
                    0x0280                  ADCBUF0 = 0x280
                    0x0280                  _ADCBUF0 = 0x280
                    0x0282                  ADCBUF1 = 0x282
                    0x0282                  _ADCBUF1 = 0x282
                    0x0284                  ADCBUF2 = 0x284
                    0x0284                  _ADCBUF2 = 0x284
                    0x0286                  ADCBUF3 = 0x286
                    0x0286                  _ADCBUF3 = 0x286
                    0x0288                  ADCBUF4 = 0x288
                    0x0288                  _ADCBUF4 = 0x288
                    0x028a                  ADCBUF5 = 0x28a
                    0x028a                  _ADCBUF5 = 0x28a
                    0x028c                  ADCBUF6 = 0x28c
                    0x028c                  _ADCBUF6 = 0x28c
                    0x028e                  ADCBUF7 = 0x28e
                    0x028e                  _ADCBUF7 = 0x28e
                    0x0290                  ADCBUF8 = 0x290
                    0x0290                  _ADCBUF8 = 0x290
                    0x0292                  ADCBUF9 = 0x292
                    0x0292                  _ADCBUF9 = 0x292
                    0x0294                  ADCBUFA = 0x294
                    0x0294                  _ADCBUFA = 0x294
                    0x0296                  ADCBUFB = 0x296
                    0x0296                  _ADCBUFB = 0x296
                    0x0298                  ADCBUFC = 0x298
                    0x0298                  _ADCBUFC = 0x298
                    0x029a                  ADCBUFD = 0x29a
                    0x029a                  _ADCBUFD = 0x29a
                    0x029c                  ADCBUFE = 0x29c
                    0x029c                  _ADCBUFE = 0x29c
                    0x029e                  ADCBUFF = 0x29e
                    0x029e                  _ADCBUFF = 0x29e
                    0x02a0                  ADCON1 = 0x2a0
                    0x02a0                  _ADCON1 = 0x2a0
                    0x02a0                  _ADCON1bits = 0x2a0
                    0x02a2                  ADCON2 = 0x2a2
                    0x02a2                  _ADCON2 = 0x2a2
                    0x02a2                  _ADCON2bits = 0x2a2
                    0x02a4                  ADCON3 = 0x2a4
                    0x02a4                  _ADCON3 = 0x2a4
                    0x02a4                  _ADCON3bits = 0x2a4
                    0x02a6                  ADCHS = 0x2a6
                    0x02a6                  _ADCHS = 0x2a6
                    0x02a6                  _ADCHSbits = 0x2a6
                    0x02a8                  ADPCFG = 0x2a8
                    0x02a8                  _ADPCFG = 0x2a8
                    0x02a8                  _ADPCFGbits = 0x2a8
                    0x02aa                  ADCSSL = 0x2aa
                    0x02aa                  _ADCSSL = 0x2aa
                    0x02aa                  _ADCSSLbits = 0x2aa
                    0x02c6                  TRISB = 0x2c6
                    0x02c6                  _TRISB = 0x2c6
                    0x02c6                  _TRISBbits = 0x2c6
                    0x02c8                  PORTB = 0x2c8
                    0x02c8                  _PORTB = 0x2c8
                    0x02c8                  _PORTBbits = 0x2c8
                    0x02ca                  LATB = 0x2ca
                    0x02ca                  _LATB = 0x2ca
                    0x02ca                  _LATBbits = 0x2ca
                    0x02cc                  TRISC = 0x2cc
                    0x02cc                  _TRISC = 0x2cc
                    0x02cc                  _TRISCbits = 0x2cc
                    0x02ce                  PORTC = 0x2ce
                    0x02ce                  _PORTC = 0x2ce
                    0x02ce                  _PORTCbits = 0x2ce
                    0x02d0                  LATC = 0x2d0
                    0x02d0                  _LATC = 0x2d0
                    0x02d0                  _LATCbits = 0x2d0
                    0x02d2                  TRISD = 0x2d2
                    0x02d2                  _TRISD = 0x2d2
                    0x02d2                  _TRISDbits = 0x2d2
                    0x02d4                  PORTD = 0x2d4
                    0x02d4                  _PORTD = 0x2d4
                    0x02d4                  _PORTDbits = 0x2d4
                    0x02d6                  LATD = 0x2d6
                    0x02d6                  _LATD = 0x2d6
                    0x02d6                  _LATDbits = 0x2d6
                    0x02d8                  TRISE = 0x2d8
                    0x02d8                  _TRISE = 0x2d8
                    0x02d8                  _TRISEbits = 0x2d8
                    0x02da                  PORTE = 0x2da
                    0x02da                  _PORTE = 0x2da
                    0x02da                  _PORTEbits = 0x2da
                    0x02dc                  LATE = 0x2dc
                    0x02dc                  _LATE = 0x2dc
                    0x02dc                  _LATEbits = 0x2dc
                    0x02de                  TRISF = 0x2de
                    0x02de                  _TRISF = 0x2de
                    0x02de                  _TRISFbits = 0x2de
                    0x02e0                  PORTF = 0x2e0
                    0x02e0                  _PORTF = 0x2e0
                    0x02e0                  _PORTFbits = 0x2e0
                    0x02e2                  LATF = 0x2e2
                    0x02e2                  _LATF = 0x2e2
                    0x02e2                  _LATFbits = 0x2e2
                    0x0300                  C1RXF0SID = 0x300
                    0x0300                  _C1RXF0SID = 0x300
                    0x0300                  _C1RXF0SIDbits = 0x300
                    0x0302                  C1RXF0EIDH = 0x302
                    0x0302                  _C1RXF0EIDH = 0x302
                    0x0302                  _C1RXF0EIDHbits = 0x302
                    0x0304                  C1RXF0EIDL = 0x304
                    0x0304                  _C1RXF0EIDL = 0x304
                    0x0304                  _C1RXF0EIDLbits = 0x304
                    0x0308                  C1RXF1SID = 0x308
                    0x0308                  _C1RXF1SID = 0x308
                    0x0308                  _C1RXF1SIDbits = 0x308
                    0x030a                  C1RXF1EIDH = 0x30a
                    0x030a                  _C1RXF1EIDH = 0x30a
                    0x030a                  _C1RXF1EIDHbits = 0x30a
                    0x030c                  C1RXF1EIDL = 0x30c
                    0x030c                  _C1RXF1EIDL = 0x30c
                    0x030c                  _C1RXF1EIDLbits = 0x30c
                    0x0310                  C1RXF2SID = 0x310
                    0x0310                  _C1RXF2SID = 0x310
                    0x0310                  _C1RXF2SIDbits = 0x310
                    0x0312                  C1RXF2EIDH = 0x312
                    0x0312                  _C1RXF2EIDH = 0x312
                    0x0312                  _C1RXF2EIDHbits = 0x312
                    0x0314                  C1RXF2EIDL = 0x314
                    0x0314                  _C1RXF2EIDL = 0x314
                    0x0314                  _C1RXF2EIDLbits = 0x314
                    0x0318                  C1RXF3SID = 0x318
                    0x0318                  _C1RXF3SID = 0x318
                    0x0318                  _C1RXF3SIDbits = 0x318
                    0x031a                  C1RXF3EIDH = 0x31a
                    0x031a                  _C1RXF3EIDH = 0x31a
                    0x031a                  _C1RXF3EIDHbits = 0x31a
                    0x031c                  C1RXF3EIDL = 0x31c
                    0x031c                  _C1RXF3EIDL = 0x31c
                    0x031c                  _C1RXF3EIDLbits = 0x31c
                    0x0320                  C1RXF4SID = 0x320
                    0x0320                  _C1RXF4SID = 0x320
                    0x0320                  _C1RXF4SIDbits = 0x320
                    0x0322                  C1RXF4EIDH = 0x322
                    0x0322                  _C1RXF4EIDH = 0x322
                    0x0322                  _C1RXF4EIDHbits = 0x322
                    0x0324                  C1RXF4EIDL = 0x324
                    0x0324                  _C1RXF4EIDL = 0x324
                    0x0324                  _C1RXF4EIDLbits = 0x324
                    0x0328                  C1RXF5SID = 0x328
                    0x0328                  _C1RXF5SID = 0x328
                    0x0328                  _C1RXF5SIDbits = 0x328
                    0x032a                  C1RXF5EIDH = 0x32a
                    0x032a                  _C1RXF5EIDH = 0x32a
                    0x032a                  _C1RXF5EIDHbits = 0x32a
                    0x032c                  C1RXF5EIDL = 0x32c
                    0x032c                  _C1RXF5EIDL = 0x32c
                    0x032c                  _C1RXF5EIDLbits = 0x32c
                    0x0330                  C1RXM0SID = 0x330
                    0x0330                  _C1RXM0SID = 0x330
                    0x0330                  _C1RXM0SIDbits = 0x330
                    0x0332                  C1RXM0EIDH = 0x332
                    0x0332                  _C1RXM0EIDH = 0x332
                    0x0332                  _C1RXM0EIDHbits = 0x332
                    0x0334                  C1RXM0EIDL = 0x334
                    0x0334                  _C1RXM0EIDL = 0x334
                    0x0334                  _C1RXM0EIDLbits = 0x334
                    0x0338                  C1RXM1SID = 0x338
                    0x0338                  _C1RXM1SID = 0x338
                    0x0338                  _C1RXM1SIDbits = 0x338
                    0x033a                  C1RXM1EIDH = 0x33a
                    0x033a                  _C1RXM1EIDH = 0x33a
                    0x033a                  _C1RXM1EIDHbits = 0x33a
                    0x033c                  C1RXM1EIDL = 0x33c
                    0x033c                  _C1RXM1EIDL = 0x33c
                    0x033c                  _C1RXM1EIDLbits = 0x33c
                    0x0340                  C1TX2SID = 0x340
                    0x0340                  _C1TX2SID = 0x340
                    0x0340                  _C1TX2SIDbits = 0x340
                    0x0342                  C1TX2EID = 0x342
                    0x0342                  _C1TX2EID = 0x342
                    0x0342                  _C1TX2EIDbits = 0x342
                    0x0344                  C1TX2DLC = 0x344
                    0x0344                  _C1TX2DLC = 0x344
                    0x0344                  _C1TX2DLCbits = 0x344
                    0x0346                  C1TX2B1 = 0x346
                    0x0346                  _C1TX2B1 = 0x346
                    0x0346                  _C1TX2B1bits = 0x346
                    0x0348                  C1TX2B2 = 0x348
                    0x0348                  _C1TX2B2 = 0x348
                    0x0348                  _C1TX2B2bits = 0x348
                    0x034a                  C1TX2B3 = 0x34a
                    0x034a                  _C1TX2B3 = 0x34a
                    0x034a                  _C1TX2B3bits = 0x34a
                    0x034c                  C1TX2B4 = 0x34c
                    0x034c                  _C1TX2B4 = 0x34c
                    0x034c                  _C1TX2B4bits = 0x34c
                    0x034e                  C1TX2CON = 0x34e
                    0x034e                  _C1TX2CON = 0x34e
                    0x034e                  _C1TX2CONbits = 0x34e
                    0x0350                  C1TX1SID = 0x350
                    0x0350                  _C1TX1SID = 0x350
                    0x0350                  _C1TX1SIDbits = 0x350
                    0x0352                  C1TX1EID = 0x352
                    0x0352                  _C1TX1EID = 0x352
                    0x0352                  _C1TX1EIDbits = 0x352
                    0x0354                  C1TX1DLC = 0x354
                    0x0354                  _C1TX1DLC = 0x354
                    0x0354                  _C1TX1DLCbits = 0x354
                    0x0356                  C1TX1B1 = 0x356
                    0x0356                  _C1TX1B1 = 0x356
                    0x0356                  _C1TX1B1bits = 0x356
                    0x0358                  C1TX1B2 = 0x358
                    0x0358                  _C1TX1B2 = 0x358
                    0x0358                  _C1TX1B2bits = 0x358
                    0x035a                  C1TX1B3 = 0x35a
                    0x035a                  _C1TX1B3 = 0x35a
                    0x035a                  _C1TX1B3bits = 0x35a
                    0x035c                  C1TX1B4 = 0x35c
                    0x035c                  _C1TX1B4 = 0x35c
                    0x035c                  _C1TX1B4bits = 0x35c
                    0x035e                  C1TX1CON = 0x35e
                    0x035e                  _C1TX1CON = 0x35e
                    0x035e                  _C1TX1CONbits = 0x35e
                    0x0360                  C1TX0SID = 0x360
                    0x0360                  _C1TX0SID = 0x360
                    0x0360                  _C1TX0SIDbits = 0x360
                    0x0362                  C1TX0EID = 0x362
                    0x0362                  _C1TX0EID = 0x362
                    0x0362                  _C1TX0EIDbits = 0x362
                    0x0364                  C1TX0DLC = 0x364
                    0x0364                  _C1TX0DLC = 0x364
                    0x0364                  _C1TX0DLCbits = 0x364
                    0x0366                  C1TX0B1 = 0x366
                    0x0366                  _C1TX0B1 = 0x366
                    0x0366                  _C1TX0B1bits = 0x366
                    0x0368                  C1TX0B2 = 0x368
                    0x0368                  _C1TX0B2 = 0x368
                    0x0368                  _C1TX0B2bits = 0x368
                    0x036a                  C1TX0B3 = 0x36a
                    0x036a                  _C1TX0B3 = 0x36a
                    0x036a                  _C1TX0B3bits = 0x36a
                    0x036c                  C1TX0B4 = 0x36c
                    0x036c                  _C1TX0B4 = 0x36c
                    0x036c                  _C1TX0B4bits = 0x36c
                    0x036e                  C1TX0CON = 0x36e
                    0x036e                  _C1TX0CON = 0x36e
                    0x036e                  _C1TX0CONbits = 0x36e
                    0x0370                  C1RX1SID = 0x370
                    0x0370                  _C1RX1SID = 0x370
                    0x0370                  _C1RX1SIDbits = 0x370
                    0x0372                  C1RX1EID = 0x372
                    0x0372                  _C1RX1EID = 0x372
                    0x0372                  _C1RX1EIDbits = 0x372
                    0x0374                  C1RX1DLC = 0x374
                    0x0374                  _C1RX1DLC = 0x374
                    0x0374                  _C1RX1DLCbits = 0x374
                    0x0376                  C1RX1B1 = 0x376
                    0x0376                  _C1RX1B1 = 0x376
                    0x0376                  _C1RX1B1bits = 0x376
                    0x0378                  C1RX1B2 = 0x378
                    0x0378                  _C1RX1B2 = 0x378
                    0x0378                  _C1RX1B2bits = 0x378
                    0x037a                  C1RX1B3 = 0x37a
                    0x037a                  _C1RX1B3 = 0x37a
                    0x037a                  _C1RX1B3bits = 0x37a
                    0x037c                  C1RX1B4 = 0x37c
                    0x037c                  _C1RX1B4 = 0x37c
                    0x037c                  _C1RX1B4bits = 0x37c
                    0x037e                  C1RX1CON = 0x37e
                    0x037e                  _C1RX1CON = 0x37e
                    0x037e                  _C1RX1CONbits = 0x37e
                    0x0380                  C1RX0SID = 0x380
                    0x0380                  _C1RX0SID = 0x380
                    0x0380                  _C1RX0SIDbits = 0x380
                    0x0382                  C1RX0EID = 0x382
                    0x0382                  _C1RX0EID = 0x382
                    0x0382                  _C1RX0EIDbits = 0x382
                    0x0384                  C1RX0DLC = 0x384
                    0x0384                  _C1RX0DLC = 0x384
                    0x0384                  _C1RX0DLCbits = 0x384
                    0x0386                  C1RX0B1 = 0x386
                    0x0386                  _C1RX0B1 = 0x386
                    0x0386                  _C1RX0B1bits = 0x386
                    0x0388                  C1RX0B2 = 0x388
                    0x0388                  _C1RX0B2 = 0x388
                    0x0388                  _C1RX0B2bits = 0x388
                    0x038a                  C1RX0B3 = 0x38a
                    0x038a                  _C1RX0B3 = 0x38a
                    0x038a                  _C1RX0B3bits = 0x38a
                    0x038c                  C1RX0B4 = 0x38c
                    0x038c                  _C1RX0B4 = 0x38c
                    0x038c                  _C1RX0B4bits = 0x38c
                    0x038e                  C1RX0CON = 0x38e
                    0x038e                  _C1RX0CON = 0x38e
                    0x038e                  _C1RX0CONbits = 0x38e
                    0x0390                  C1CTRL = 0x390
                    0x0390                  _C1CTRL = 0x390
                    0x0390                  _C1CTRLbits = 0x390
                    0x0392                  C1CFG1 = 0x392
                    0x0392                  _C1CFG1 = 0x392
                    0x0392                  _C1CFG1bits = 0x392
                    0x0394                  C1CFG2 = 0x394
                    0x0394                  _C1CFG2 = 0x394
                    0x0394                  _C1CFG2bits = 0x394
                    0x0396                  C1INTF = 0x396
                    0x0396                  _C1INTF = 0x396
                    0x0396                  _C1INTFbits = 0x396
                    0x0398                  C1INTE = 0x398
                    0x0398                  _C1INTE = 0x398
                    0x0398                  _C1INTEbits = 0x398
                    0x039a                  C1EC = 0x39a
                    0x039a                  _C1EC = 0x39a
                    0x039a                  _C1ECbits = 0x39a
                    0x039a                  C1RERRCNT = 0x39a
                    0x039a                  _C1RERRCNT = 0x39a
                    0x039b                  C1TERRCNT = 0x39b
                    0x039b                  _C1TERRCNT = 0x39b
                    0x0740                  RCON = 0x740
                    0x0740                  _RCON = 0x740
                    0x0740                  _RCONbits = 0x740
                    0x0742                  OSCCON = 0x742
                    0x0742                  _OSCCON = 0x742
                    0x0742                  _OSCCONbits = 0x742
                    0x0742                  OSCCONL = 0x742
                    0x0742                  _OSCCONL = 0x742
                    0x0743                  OSCCONH = 0x743
                    0x0743                  _OSCCONH = 0x743
                    0x0760                  NVMCON = 0x760
                    0x0760                  _NVMCON = 0x760
                    0x0760                  _NVMCONbits = 0x760
                    0x0762                  NVMADR = 0x762
                    0x0762                  _NVMADR = 0x762
                    0x0764                  NVMADRU = 0x764
                    0x0764                  _NVMADRU = 0x764
                    0x0764                  _NVMADRUbits = 0x764
                    0x0766                  NVMKEY = 0x766
                    0x0766                  _NVMKEY = 0x766
                    0x0770                  PMD1 = 0x770
                    0x0770                  _PMD1 = 0x770
                    0x0770                  _PMD1bits = 0x770
                    0x0772                  PMD2 = 0x772
                    0x0772                  _PMD2 = 0x772
                    0x0772                  _PMD2bits = 0x772
                    0x0022                  ACCA = 0x22
                    0x0022                  _ACCA = 0x22
                    0x0028                  ACCB = 0x28
                    0x0028                  _ACCB = 0x28
                    0x0300                  CAN1 = 0x300
                    0x0300                  _CAN1 = 0x300
                    0x0140                  IC1 = 0x140
                    0x0140                  _IC1 = 0x140
                    0x0144                  IC2 = 0x144
                    0x0144                  _IC2 = 0x144
                    0x0158                  IC7 = 0x158
                    0x0158                  _IC7 = 0x158
                    0x015c                  IC8 = 0x15c
                    0x015c                  _IC8 = 0x15c
                    0x0180                  OC1 = 0x180
                    0x0180                  _OC1 = 0x180
                    0x0186                  OC2 = 0x186
                    0x0186                  _OC2 = 0x186
                    0x0220                  SPI1 = 0x220
                    0x0220                  _SPI1 = 0x220
                    0x020c                  UART1 = 0x20c
                    0x020c                  _UART1 = 0x20c
START GROUP
LOAD c:/program files (x86)/microchip/xc16/v1.26/bin/bin/../../lib\libpic30-elf.a
LOAD c:/program files (x86)/microchip/xc16/v1.26/bin/bin/../../lib\libm-elf.a
LOAD c:/program files (x86)/microchip/xc16/v1.26/bin/bin/../../lib\libc-elf.a
END GROUP
OUTPUT(dist/Pickit/production/MDU_BEST.X.production.elf elf32-pic30)
LOAD FGS
LOAD jump_table
LOAD default_isr
LOAD data_init
LOAD shared_data_init

.debug_pubtypes
                  0x000168        0x814
 .debug_pubtypes
                  0x000168         0x58 build/Pickit/production/Application/motor.o
 .debug_pubtypes
                  0x0001c0         0x2a build/Pickit/production/Application/dta_motor.o
 .debug_pubtypes
                  0x0001ea         0x34 build/Pickit/production/Application/step.o
 .debug_pubtypes
                  0x00021e         0x33 build/Pickit/production/Driver/driver.o
 .debug_pubtypes
                  0x000251         0x6e build/Pickit/production/Driver/eeprom.o
 .debug_pubtypes
                  0x0002bf        0x14b build/Pickit/production/Driver/encoder.o
 .debug_pubtypes
                  0x00040a        0x17a build/Pickit/production/Driver/ports.o
 .debug_pubtypes
                  0x000584        0x170 build/Pickit/production/Driver/pwm.o
 .debug_pubtypes
                  0x0006f4         0x63 build/Pickit/production/Driver/timer.o
 .debug_pubtypes
                  0x000757        0x109 build/Pickit/production/Driver/uart.o
 .debug_pubtypes
                  0x000860         0x12 build/Pickit/production/Setting/configuration.o
 .debug_pubtypes
                  0x000872         0x12 build/Pickit/production/main.o
 .debug_pubtypes
                  0x000884         0x7a build/Pickit/production/Driver/io.o
 .debug_pubtypes
                  0x0008fe         0x5a build/Pickit/production/Task/system.o
 .debug_pubtypes
                  0x000958         0x12 build/Pickit/production/Task/task.o
 .debug_pubtypes
                  0x00096a         0x12 build/Pickit/production/Task/motor.o

__c30_signature
                  0x00097c        0x1d4
 __c30_signature
                  0x00097c          0x6 build/Pickit/production/Application/motor.o
 __c30_signature
                  0x000982          0x6 build/Pickit/production/Application/dta_motor.o
 __c30_signature
                  0x000988          0x6 build/Pickit/production/Application/step.o
 __c30_signature
                  0x00098e          0x6 build/Pickit/production/Driver/driver.o
 __c30_signature
                  0x000994          0x6 build/Pickit/production/Driver/eeprom.o
 __c30_signature
                  0x00099a          0x6 build/Pickit/production/Driver/encoder.o
 __c30_signature
                  0x0009a0          0x6 build/Pickit/production/Driver/ports.o
 __c30_signature
                  0x0009a6          0x6 build/Pickit/production/Driver/pwm.o
 __c30_signature
                  0x0009ac          0x6 build/Pickit/production/Driver/timer.o
 __c30_signature
                  0x0009b2          0x6 build/Pickit/production/Driver/uart.o
 __c30_signature
                  0x0009b8          0x6 build/Pickit/production/Setting/configuration.o
 __c30_signature
                  0x0009be          0x6 build/Pickit/production/main.o
 __c30_signature
                  0x0009c4          0x6 build/Pickit/production/Driver/io.o
 __c30_signature
                  0x0009ca          0x6 build/Pickit/production/Task/system.o
 __c30_signature
                  0x0009d0          0x6 build/Pickit/production/Task/task.o
 __c30_signature
                  0x0009d6          0x6 build/Pickit/production/Task/motor.o
 __c30_signature
                  0x0009dc          0x6 build/Pickit/production/_ext/1472/message.o
 __c30_signature
                  0x0009e2          0x6 c:/program files (x86)/microchip/xc16/v1.26/bin/bin/../../lib\libpic30-elf.a(crt0_standard.o)
 __c30_signature
                  0x0009e8          0x6 c:/program files (x86)/microchip/xc16/v1.26/bin/bin/../../lib\libpic30-elf.a(data_init_standard.o)
 __c30_signature
                  0x0009ee          0x6 c:/program files (x86)/microchip/xc16/v1.26/bin/bin/../../lib\libpic30-elf.a(eedata_helper.eo)
 __c30_signature
                  0x0009f4          0x6 c:/program files (x86)/microchip/xc16/v1.26/bin/bin/../../lib\libm-elf.a(addsf3.eo)
 __c30_signature
                  0x0009fa          0x6 c:/program files (x86)/microchip/xc16/v1.26/bin/bin/../../lib\libm-elf.a(divsf3.eo)
 __c30_signature
                  0x000a00          0x6 c:/program files (x86)/microchip/xc16/v1.26/bin/bin/../../lib\libm-elf.a(feqltle.eo)
 __c30_signature
                  0x000a06          0x6 c:/program files (x86)/microchip/xc16/v1.26/bin/bin/../../lib\libm-elf.a(fgtge.eo)
 __c30_signature
                  0x000a0c          0x6 c:/program files (x86)/microchip/xc16/v1.26/bin/bin/../../lib\libm-elf.a(fixsfsi.eo)
 __c30_signature
                  0x000a12          0x6 c:/program files (x86)/microchip/xc16/v1.26/bin/bin/../../lib\libm-elf.a(fixunssfsi.eo)
 __c30_signature
                  0x000a18          0x6 c:/program files (x86)/microchip/xc16/v1.26/bin/bin/../../lib\libm-elf.a(floatsisf.eo)
 __c30_signature
                  0x000a1e          0x6 c:/program files (x86)/microchip/xc16/v1.26/bin/bin/../../lib\libm-elf.a(floatunsisf.eo)
 __c30_signature
                  0x000a24          0x6 c:/program files (x86)/microchip/xc16/v1.26/bin/bin/../../lib\libm-elf.a(fne.eo)
 __c30_signature
                  0x000a2a          0x6 c:/program files (x86)/microchip/xc16/v1.26/bin/bin/../../lib\libm-elf.a(fpack.eo)
 __c30_signature
                  0x000a30          0x6 c:/program files (x86)/microchip/xc16/v1.26/bin/bin/../../lib\libm-elf.a(funpack.eo)
 __c30_signature
                  0x000a36          0x6 c:/program files (x86)/microchip/xc16/v1.26/bin/bin/../../lib\libm-elf.a(funpack2.eo)
 __c30_signature
                  0x000a3c          0x6 c:/program files (x86)/microchip/xc16/v1.26/bin/bin/../../lib\libm-elf.a(futil.eo)
 __c30_signature
                  0x000a42          0x6 c:/program files (x86)/microchip/xc16/v1.26/bin/bin/../../lib\libm-elf.a(mulsf3.eo)
 __c30_signature
                  0x000a48          0x6 c:/program files (x86)/microchip/xc16/v1.26/bin/bin/../../lib\libm-elf.a(udivsi3.eo)
 __c30_signature
                  0x000a4e          0x6 c:/program files (x86)/microchip/xc16/v1.26/bin/bin/../../lib\libm-elf.a(fcompare.eo)
 __c30_signature
                  0x000a54          0x6 c:/program files (x86)/microchip/xc16/v1.26/bin/bin/../../lib\libm-elf.a(floatdisf.eo)
 __c30_signature
                  0x000a5a          0x6 c:/program files (x86)/microchip/xc16/v1.26/bin/bin/../../lib\libm-elf.a(floatundisf.eo)
 __c30_signature
                  0x000a60          0x6 c:/program files (x86)/microchip/xc16/v1.26/bin/bin/../../lib\libc-elf.a(atof.eo)
 __c30_signature
                  0x000a66          0x6 c:/program files (x86)/microchip/xc16/v1.26/bin/bin/../../lib\libc-elf.a(atoi.eo)
 __c30_signature
                  0x000a6c          0x6 c:/program files (x86)/microchip/xc16/v1.26/bin/bin/../../lib\libc-elf.a(errno.eo)
 __c30_signature
                  0x000a72          0x6 c:/program files (x86)/microchip/xc16/v1.26/bin/bin/../../lib\libc-elf.a(itoa.eo)
 __c30_signature
                  0x000a78          0x6 c:/program files (x86)/microchip/xc16/v1.26/bin/bin/../../lib\libc-elf.a(strcmp.eo)
 __c30_signature
                  0x000a7e          0x6 c:/program files (x86)/microchip/xc16/v1.26/bin/bin/../../lib\libc-elf.a(strcpy.eo)
 __c30_signature
                  0x000a84          0x6 c:/program files (x86)/microchip/xc16/v1.26/bin/bin/../../lib\libc-elf.a(strlen.eo)
 __c30_signature
                  0x000a8a          0x6 c:/program files (x86)/microchip/xc16/v1.26/bin/bin/../../lib\libc-elf.a(strtok.eo)
 __c30_signature
                  0x000a90          0x6 c:/program files (x86)/microchip/xc16/v1.26/bin/bin/../../lib\libc-elf.a(sprintf_fF.XXeo)
 __c30_signature
                  0x000a96          0x6 c:/program files (x86)/microchip/xc16/v1.26/bin/bin/../../lib\libc-elf.a(doprnt_fF.XXeo)
 __c30_signature
                  0x000a9c          0x6 c:/program files (x86)/microchip/xc16/v1.26/bin/bin/../../lib\libc-elf.a(fputc.eo)
 __c30_signature
                  0x000aa2          0x6 c:/program files (x86)/microchip/xc16/v1.26/bin/bin/../../lib\libc-elf.a(powers.eo)
 __c30_signature
                  0x000aa8          0x6 c:/program files (x86)/microchip/xc16/v1.26/bin/bin/../../lib\libc-elf.a(strcspn.eo)
 __c30_signature
                  0x000aae          0x6 c:/program files (x86)/microchip/xc16/v1.26/bin/bin/../../lib\libc-elf.a(strspn.eo)
 __c30_signature
                  0x000ab4          0x6 c:/program files (x86)/microchip/xc16/v1.26/bin/bin/../../lib\libc-elf.a(_iob.eo)
 __c30_signature
                  0x000aba          0x6 c:/program files (x86)/microchip/xc16/v1.26/bin/bin/../../lib\libc-elf.a(strchr.elo)
 __c30_signature
                  0x000ac0          0x6 c:/program files (x86)/microchip/xc16/v1.26/bin/bin/../../lib\libc-elf.a(flsbuf.eo)
 __c30_signature
                  0x000ac6          0x6 c:/program files (x86)/microchip/xc16/v1.26/bin/bin/../../lib\libpic30-elf.a(write.eo)
 __c30_signature
                  0x000acc          0x6 c:/program files (x86)/microchip/xc16/v1.26/bin/bin/../../lib\libpic30-elf.a(c30_uart.eo)
 __c30_signature
                  0x000ad2          0x6 c:/program files (x86)/microchip/xc16/v1.26/bin/bin/../../lib\libm-elf.a(adddf3.eo)
 __c30_signature
                  0x000ad8          0x6 c:/program files (x86)/microchip/xc16/v1.26/bin/bin/../../lib\libm-elf.a(deqltle.eo)
 __c30_signature
                  0x000ade          0x6 c:/program files (x86)/microchip/xc16/v1.26/bin/bin/../../lib\libm-elf.a(dgtge.eo)
 __c30_signature
                  0x000ae4          0x6 c:/program files (x86)/microchip/xc16/v1.26/bin/bin/../../lib\libm-elf.a(divdf3.eo)
 __c30_signature
                  0x000aea          0x6 c:/program files (x86)/microchip/xc16/v1.26/bin/bin/../../lib\libm-elf.a(dne.eo)
 __c30_signature
                  0x000af0          0x6 c:/program files (x86)/microchip/xc16/v1.26/bin/bin/../../lib\libm-elf.a(dpack.eo)
 __c30_signature
                  0x000af6          0x6 c:/program files (x86)/microchip/xc16/v1.26/bin/bin/../../lib\libm-elf.a(dunpack2.eo)
 __c30_signature
                  0x000afc          0x6 c:/program files (x86)/microchip/xc16/v1.26/bin/bin/../../lib\libm-elf.a(extendsfdf.eo)
 __c30_signature
                  0x000b02          0x6 c:/program files (x86)/microchip/xc16/v1.26/bin/bin/../../lib\libm-elf.a(fixunsdfdi.eo)
 __c30_signature
                  0x000b08          0x6 c:/program files (x86)/microchip/xc16/v1.26/bin/bin/../../lib\libm-elf.a(floatundidf.eo)
 __c30_signature
                  0x000b0e          0x6 c:/program files (x86)/microchip/xc16/v1.26/bin/bin/../../lib\libm-elf.a(frexp.eo)
 __c30_signature
                  0x000b14          0x6 c:/program files (x86)/microchip/xc16/v1.26/bin/bin/../../lib\libm-elf.a(muldf3.eo)
 __c30_signature
                  0x000b1a          0x6 c:/program files (x86)/microchip/xc16/v1.26/bin/bin/../../lib\libm-elf.a(subdf3.eo)
 __c30_signature
                  0x000b20          0x6 c:/program files (x86)/microchip/xc16/v1.26/bin/bin/../../lib\libm-elf.a(mulsi3.eo)
 __c30_signature
                  0x000b26          0x6 c:/program files (x86)/microchip/xc16/v1.26/bin/bin/../../lib\libm-elf.a(divmoddi3.eo)
 __c30_signature
                  0x000b2c          0x6 c:/program files (x86)/microchip/xc16/v1.26/bin/bin/../../lib\libm-elf.a(muldi3.eo)
 __c30_signature
                  0x000b32          0x6 c:/program files (x86)/microchip/xc16/v1.26/bin/bin/../../lib\libm-elf.a(dcompare.eo)
 __c30_signature
                  0x000b38          0x6 c:/program files (x86)/microchip/xc16/v1.26/bin/bin/../../lib\libm-elf.a(dpropagateNaN.eo)
 __c30_signature
                  0x000b3e          0x6 c:/program files (x86)/microchip/xc16/v1.26/bin/bin/../../lib\libm-elf.a(dtype.eo)
 __c30_signature
                  0x000b44          0x6 c:/program files (x86)/microchip/xc16/v1.26/bin/bin/../../lib\libm-elf.a(dunpack.eo)
 __c30_signature
                  0x000b4a          0x6 c:/program files (x86)/microchip/xc16/v1.26/bin/bin/../../lib\libm-elf.a(umuldi3.eo)

.nbss               0x0800        0x1b6
 .nbss              0x0800         0xe4 build/Pickit/production/Task/system.o
 .nbss              0x08e4         0x8c build/Pickit/production/Driver/uart.o
 .nbss              0x0970         0x46 build/Pickit/production/Driver/eeprom.o
                    0x0970                  _fb

.ndata              0x09b6         0x2c
 .ndata             0x09b6         0x2c build/Pickit/production/Driver/io.o
                    0x09b6                  _group_get
                    0x09d4                  _group_set

.nbss               0x09e2         0x52
 .nbss              0x09e2         0x24 build/Pickit/production/Application/motor.o
 .nbss              0x0a06         0x12 build/Pickit/production/Driver/pwm.o
 .nbss              0x0a18          0xe build/Pickit/production/Application/dta_motor.o
 .nbss              0x0a26          0xe build/Pickit/production/Application/step.o
                    0x0a26                  _now_step
                    0x0a2a                  _true_step
                    0x0a2e                  _dst
                    0x0a32                  _step_dt

.ndata              0x0a34         0x20
 .ndata             0x0a34          0xe build/Pickit/production/Driver/pwm.o
 .ndata             0x0a42          0xc build/Pickit/production/Application/motor.o
 .ndata             0x0a4e          0x6 build/Pickit/production/Driver/encoder.o

.nbss               0x0a54          0xc
 .nbss              0x0a54          0x6 build/Pickit/production/Driver/timer.o
 .nbss              0x0a5a          0x6 build/Pickit/production/Driver/io.o
                    0x0a5a                  _link_speed
                    0x0a5e                  _link_enable

.ndata              0x0a60          0x6
 .ndata             0x0a60          0x4 build/Pickit/production/Application/step.o
                    0x0a60                  _step_dir
 .ndata             0x0a64          0x2 build/Pickit/production/Task/system.o
                    0x0a64                  _system_address_ofset

.data               0x0a66        0x23e
 .data              0x0a66        0x160 c:/program files (x86)/microchip/xc16/v1.26/bin/bin/../../lib\libc-elf.a(powers.eo)
                    0x0a66                  __powers_
                    0x0b16                  __npowers_
 .data              0x0bc6         0xb8 c:/program files (x86)/microchip/xc16/v1.26/bin/bin/../../lib\libc-elf.a(doprnt_fF.XXeo)
 .data              0x0c7e         0x26 c:/program files (x86)/microchip/xc16/v1.26/bin/bin/../../lib\libc-elf.a(_iob.eo)
                    0x0c7e                  __iob
                    0x0ca2                  __Files

.bss                0x0ca4          0xa
 .bss               0x0ca4          0x6 c:/program files (x86)/microchip/xc16/v1.26/bin/bin/../../lib\libc-elf.a(_iob.eo)
                    0x0ca4                  __outdone
                    0x0ca5                  __sibuf
                    0x0ca7                  __sobuf
 .bss               0x0caa          0x2 c:/program files (x86)/microchip/xc16/v1.26/bin/bin/../../lib\libc-elf.a(errno.eo)
                    0x0caa                  _errno
 .bss               0x0cac          0x2 c:/program files (x86)/microchip/xc16/v1.26/bin/bin/../../lib\libc-elf.a(strtok.eo)

.data               0x0cae          0x2
 .data              0x0cae          0x2 c:/program files (x86)/microchip/xc16/v1.26/bin/bin/../../lib\libpic30-elf.a(c30_uart.eo)
                    0x0cae                  ___C30_UART

.ivt._PWMInterrupt
                  0x000062          0x2
 .ivt._PWMInterrupt
                  0x000062          0x2 build/Pickit/production/Driver/pwm.o

.ivt._CNInterrupt
                  0x000032          0x2
 .ivt._CNInterrupt
                  0x000032          0x2 build/Pickit/production/Driver/pwm.o

.ivt._U1RXInterrupt
                  0x000026          0x2
 .ivt._U1RXInterrupt
                  0x000026          0x2 build/Pickit/production/Driver/uart.o

.ivt._U1TXInterrupt
                  0x000028          0x2
 .ivt._U1TXInterrupt
                  0x000028          0x2 build/Pickit/production/Driver/uart.o

.config_ICS       0xf8000c          0x2
 .config_ICS      0xf8000c          0x2 build/Pickit/production/Setting/configuration.o

.config_MCLRE     0xf80004          0x2
 .config_MCLRE    0xf80004          0x2 build/Pickit/production/Setting/configuration.o

.config_WDT       0xf80002          0x2
 .config_WDT      0xf80002          0x2 build/Pickit/production/Setting/configuration.o

.config_FCKSMEN
                  0xf80000          0x2
 .config_FCKSMEN
                  0xf80000          0x2 build/Pickit/production/Setting/configuration.o

.const              0x9e5c        0x23e load address 0x001e5c  
 .const             0x9e5c        0x1b4 build/Pickit/production/Driver/io.o
                    0x9f94                  _cmp_port_encode
                    0x9fa1                  _cmp_port_idx
                    0x9faa                  _cmp_addr_value
                    0x9faf                  _cmp_addr_ofset
                    0x9fba                  _cmp_pwm_max
                    0x9fc2                  _cmp_pwm_min
                    0x9fca                  _cmp_pwm_period
                    0x9fd5                  _cmp_pwm_dt
                    0x9fdc                  _cmp_encoder_speed
                    0x9fea                  _cmp_encoder_direction
                    0x9ff6                  _cmp_mc_period
                    0xa000                  _cmp_mc_p
                    0xa002                  _cmp_mc_i
                    0xa004                  _cmp_mc_d
                    0xa006                  _cmp_get_link
                    0xa00b                  _cmp_help
 .const             0xa010         0x6e build/Pickit/production/Task/system.o
 .const             0xa07e         0x18 build/Pickit/production/Driver/eeprom.o
 .const             0xa096          0x2 build/Pickit/production/Driver/encoder.o
                    0xa096                  _pos
 .const             0xa098          0x2 build/Pickit/production/Driver/pwm.o
                    0xa098                  _poss

.text             0x00209a        0xefa
 .text            0x00209a        0x740 build/Pickit/production/Driver/io.o
                  0x00209a                  _option_test
                  0x00209e                  _mc_stop
                  0x0020ac                  _mc_go
                  0x0020c0                  _mc_rady
                  0x0020fe                  _period_encoder
                  0x002108                  _interval_timer_mcp
                  0x00215c                  _interval_timer_mc
                  0x0021ac                  _motor_control_period
                  0x0021c2                  _motor_control
                  0x0021fc                  _step_control
                  0x002238                  _pid_mode
                  0x002242                  _motor_dt_automatic
                  0x00226a                  _motor_dt
                  0x0022c2                  _io_set
                  0x0023c0                  _io_setup
                  0x00243a                  _dt_map
                  0x00247e                  _ftoa
                  0x00248c                  _io_get
 .text            0x0027da        0x56e build/Pickit/production/Application/motor.o
                  0x0027da                  _set_motor_dt
                  0x0027ee                  _set_motor_speed
                  0x002840                  _pid_limit
                  0x00294c                  _motor
                  0x002a88                  _motor_ac
                  0x002c64                  _float_limit
                  0x002c9e                  _ConvertQ16_16
                  0x002cd8                  _set_p
                  0x002cde                  _set_i
                  0x002ce4                  _set_d
                  0x002cea                  _get_pid
                  0x002d14                  _change_pid
 .text            0x002d48        0x24c build/Pickit/production/Driver/uart.o
                  0x002d48                  _uart_setup
                  0x002d80                  _uart_depth
                  0x002d84                  _uart_find
                  0x002db4                  _uart_seek
                  0x002dc0                  _uart_remove
                  0x002dcc                  _uart_remove_all
                  0x002dd0                  _uart_getc
                  0x002df4                  _uart_gets
                  0x002e28                  _uart_used
                  0x002e2c                  _uart_full
                  0x002e3a                  _uart_bufc
                  0x002e54                  _uart_bufs
                  0x002e6e                  _uart_flush
                  0x002ea6                  _uart_stop
                  0x002eac                  _uart_begin
                  0x002eb4                  _uart_putc
                  0x002ed2                  _uart_print
                  0x002efc                  __U1RXInterrupt
                  0x002f36                  __U1TXInterrupt

.dinit            0x002f94        0x244
 .dinit           0x002f94        0x244 data_init

.text             0x0031d8        0x792
 .text            0x0031d8        0x23c build/Pickit/production/Task/system.o
                  0x0031d8                  _basic_reset
                  0x0031de                  _option_mode
                  0x003202                  _basic_echo
                  0x003210                  _system_call
                  0x00326e                  _system_decode
                  0x0032ea                  _basic_recall
                  0x003300                  _system_add
                  0x003340                  _system_address
                  0x003348                  _system_error_cheak
                  0x00334c                  _basic_repeat
                  0x003380                  _system_change
                  0x00339c                  _basic_select
                  0x0033ce                  _system_setup
 .text            0x003414        0x200 build/Pickit/production/Driver/pwm.o
                  0x003414                  _pwm_setup
                  0x003446                  _dt_limit
                  0x00345c                  _pwm_dt_direct
                  0x003482                  _pwm_dt
                  0x003494                  _pwm_dts
                  0x0034a8                  _set_pwm_period
                  0x0034bc                  _get_pwm_period
                  0x0034c0                  _set_pwm_max
                  0x0034ca                  _get_pwm_max
                  0x0034ce                  _set_pwm_min
                  0x0034d8                  _get_pwm_min
                  0x0034dc                  _get_pwm_dt
                  0x0034f4                  _pwm_shutdown
                  0x003506                  _pid_enable
                  0x00350a                  _pwm_pid_period
                  0x003512                  _pid_rate
                  0x003516                  _set_step_rate
                  0x00351c                  _get_step_rate
                  0x003530                  _get_period_s
                  0x00354c                  _get_period_ms
                  0x003562                  __PWMInterrupt
                  0x0035b8                  _set_event
                  0x0035bc                  __CNInterrupt
                  0x003606                  _get_mc_period
 .text            0x003614         0xb8 build/Pickit/production/Driver/ports.o
                  0x003614                  _ports_setup
                  0x00364e                  _port_address
                  0x003674                  _led_rx
                  0x003682                  _port_get
                  0x0036b4                  _pin_encode_idx
                  0x0036bc                  _pin_encode_x
                  0x0036c4                  _pin_encode_y
 .text            0x0036cc         0x94 build/Pickit/production/Application/dta_motor.o
                  0x0036cc                  _dmotor
                  0x00375a                  _set_dmotor
 .text            0x003760         0x88 build/Pickit/production/Driver/encoder.o
                  0x003760                  _encoder_setup
                  0x003774                  _counter_setup
                  0x00379a                  _mcp_enable
                  0x0037b0                  _encoder_raw
                  0x0037b4                  _encoder_speed_raw
                  0x0037b8                  _encoder_spin_raw
                  0x0037c2                  _encoder_direction
                  0x0037d2                  _encoder_period
                  0x0037e2                  _get_encoder_period
 .text            0x0037e8         0x84 build/Pickit/production/Application/step.o
                  0x0037e8                  _step
                  0x00381a                  _set_motor_step
                  0x003860                  _get_d_step
                  0x003866                  _get_t_step
 .text            0x00386c         0x6e build/Pickit/production/Driver/eeprom.o
                  0x00386c                  _eeprom_open
                  0x003870                  _eeprom_close
                  0x003874                  _eeprom_flush
                  0x00388e                  _eeprom_putc
                  0x0038a8                  _eeprom_puts
                  0x0038c4                  _eeprom_setup
 .text            0x0038da         0x3e build/Pickit/production/Driver/timer.o
                  0x0038da                  _timer_setup
                  0x0038f4                  _timer_period
                  0x003900                  _timer_enable
                  0x003914                  _timer_check
 .text            0x003918         0x28 build/Pickit/production/Task/task.o
                  0x003918                  _task_setup
                  0x00391e                  _transmit_init
                  0x003920                  _transmit
                  0x00393c                  _process_old
 .text            0x003940         0x1c build/Pickit/production/Driver/driver.o
                  0x003940                  _driver_setup
 .text            0x00395c          0xc build/Pickit/production/main.o